// Jest Snapshot v1, https://goo.gl/fbAQLP

exports[`Layout - render snapshot and check header and footer renders correctly [snapshot] 1`] = `
<div
  style={
    Object {
      "marginLeft": "auto",
      "marginRight": "auto",
      "maxWidth": "42rem",
      "padding": "2.625rem 1.3125rem",
    }
  }
>
  <div
    className="css-4cffwv"
  >
    <div
      className="css-1qe1pxe"
    >
      <header>
        <h2
          style={
            Object {
              "fontSize": "2.5rem",
              "lineHeight": "3.5rem",
              "marginBottom": "2.625rem",
              "marginTop": 0,
            }
          }
        >
          <a
            href="/"
            style={
              Object {
                "boxShadow": "none",
                "color": "inherit",
              }
            }
          />
        </h2>
      </header>
    </div>
    <div
      className="css-11cb88r"
    >
      <button
        aria-label="Toggle dark mode"
        className="css-wwcqj1"
        onClick={[Function]}
      >
        <svg
          fill="none"
          height="24"
          stroke="currentColor"
          strokeLinecap="round"
          strokeLinejoin="round"
          strokeWidth="2"
          viewBox="0 0 24 24"
          width="24"
          xmlns="http://www.w3.org/2000/svg"
        >
          <path
            d="M21 12.79A9 9 0 1 1 11.21 3 7 7 0 0 0 21 12.79z"
          />
        </svg>
      </button>
    </div>
  </div>
  <main />
  <footer>
    © 
    2020
    , Built with
     
    <a
      href="https://www.gatsbyjs.org"
    >
      Gatsby
    </a>
    ,
     
    Deployed with
     
    <a
      href="https://vercel.com/"
    >
       Vercel
    </a>
    ,
     
    Repository on
     
    <a
      href="https://github.com/tomasson82/tommys-thoughts"
    >
       Github
    </a>
  </footer>
</div>
`;
